[worldsports.club/index.html]
[backblue.gif]
[fade.gif]
[index.html]
[worldsports.club/wp-content/uploads/2019/08/world-sports-club-stadium9e33.jpg]
[worldsports.club/feed/index.html]
[worldsports.club/comments/feed/index.html]
[worldsports.club/wp-includes/js/jquery/jquery4a5f.js]
[worldsports.club/wp-includes/js/jquery/jquery-migrate.min330a.js]
[worldsports.club/wp-content/plugins/add-to-any/addtoany.min4963.js]
[worldsports.club/wp-content/plugins/revslider/public/assets/js/revolution.tools.minf049.js]
[worldsports.club/wp-content/plugins/revslider/public/assets/js/rs6.min1b46.js]
[worldsports.club/wp-content/plugins/sportspress-pro/includes/sportspress-facebook/js/sportspress-facebook-sdk8725.js]
[worldsports.club/wp-content/plugins/sportspress-pro/includes/sportspress-tournaments/js/jquery.bracket.min57c3.js]
[worldsports.club/wp-content/plugins/woocommerce/assets/js/jquery-blockui/jquery.blockUI.min44fd.js]
[worldsports.club/wp-content/plugins/woocommerce/assets/js/frontend/add-to-cart.min3a05.js]
[worldsports.club/wp-content/plugins/js_composer/assets/js/vendors/woocommerce-add-to-cart52c7.js]
[worldsports.club/wp-content/themes/splash/includes/megamenu/assets/js/megamenu7661.js]
[worldsports.club/wp-content/plugins/whatsapp-for-wordpress/assets/js/main7661.js]
[worldsports.club/xmlrpc0db0.php]
[worldsports.club/wp-json/index.html]
[worldsports.club/wp-includes/wlwmanifest.xml]
[worldsports.club/wp-json/oembed/1.0/embed06d3.json]
[worldsports.club/wp-json/oembed/1.0/embedc074]
[static.addtoany.com/menu/page.js]
[worldsports.club/wp-content/themes/splash/assets/images/map-pin.png]
[connect.facebook.net/en_US/fbevents.js]
[worldsports.club/wp-content/uploads/2019/05/cropped-worldsportsclub-32x32.png]
[worldsports.club/wp-content/uploads/2019/05/cropped-worldsportsclub-192x192.png]
[worldsports.club/wp-content/uploads/2019/05/cropped-worldsportsclub-180x180.png]
[worldsports.club/wp-content/uploads/2019/08/world-sports-club-brijesh.png]
[worldsports.club/wp-content/uploads/2019/10/world-sports-club-cricket-football-volleyball-sports.jpg]
[worldsports.club/cart/index.html]
[worldsports.club/wp-content/uploads/2019/05/basket-ball-player-world-sports-club.jpg]
[worldsports.club/about-club/index.html]
[worldsports.club/wp-content/uploads/2019/05/mahendra-singh-dhoni-cricket-world-cricket-club.jpg]
[worldsports.club/cricket-coaching/index.html]
[worldsports.club/wp-content/uploads/2019/05/football-world-sports-club.jpg]
[worldsports.club/players/index.html]
[worldsports.club/shop/index.html]
[worldsports.club/wp-content/uploads/2019/05/tennis-world-sports-club.jpg]
[worldsports.club/coach-manager-registration/index.html]
[worldsports.club/player-registration/index.html]
[worldsports.club/wp-content/uploads/2019/05/basket-ball-world-sports-club.jpg]
[worldsports.club/team-club-school-registration/index.html]
[worldsports.club/club-policies/index.html]
[worldsports.club/wp-content/uploads/2020/01/registration-player-coach-team-club-manager-world-sport-club.jpg]
[worldsports.club/wp-content/uploads/2019/08/world-sports-club-already-playing-cricket.jpg]
[worldsports.club/contacts/index.html]
[worldsports.club/team/bluebirds/index.html]
[worldsports.club/wp-content/uploads/2019/08/junction-world-sports-club.jpg]
[worldsports.club/team/eagles/index.html]
[worldsports.club/team/kangaroos/index.html]
[worldsports.club/wp-content/uploads/2019/08/world-sports-club-club-association-government.jpg]
[worldsports.club/team/seventh-day-stars/index.html]
[worldsports.club/wp-content/uploads/2019/08/world-sports-club-start-playing.jpg]
[worldsports.club/team/gujarat-eagles/index.html]
[worldsports.club/wp-content/uploads/2019/05/anjali-shukla-Sports-Girl-world-sports-club-270x370.jpg]
[worldsports.club/wp-content/uploads/2019/05/dhruv-shukla-cricketer-batsman-world-sports-club-270x370.jpg]
[worldsports.club/wp-content/uploads/2019/05/nike-air-270c-white-red-world-sports-academy-300x300.jpg]
[worldsports.club/player/anjali-shukla/index.html]
[worldsports.club/wp-content/uploads/2019/11/sg-full-cricket-kit-world-sports-club-300x300.jpg]
[worldsports.club/player/dhruvshukla/index.html]
[worldsports.club/wp-content/uploads/2019/07/world-sport-slub-sg-cricket-bat-front-300x300.jpg]
[worldsports.club/index5c86.html]
[worldsports.club/product/nike-air-max-270/index.html]
[worldsports.club/product/sg-complete-cricket-kit-with-ball/index.html]
[worldsports.club/wp-content/uploads/2019/12/world-sports-club-men-and-women-ghodasar-maninagar-ahmedabad-gujarat-india-cricket-coaching-classes-350x250.jpg]
[worldsports.club/indexccdb.html]
[worldsports.club/product/sg-rsd-spark-kashmir-willow-cricket-bat/index.html]
[worldsports.club/index71d1.html]
[worldsports.club/girls-cricket-women-cricket-providing-empowering-experiences-for-females-of-all-ages/index.html]
[worldsports.club/wp-content/uploads/2019/11/pink-ball-350x250.jpg]
[worldsports.club/category/latest-news/index.html]
[worldsports.club/wp-content/uploads/2019/05/list-of-national-sports-world-sports-club-350x250.jpg]
[worldsports.club/india-gears-up-for-pink-ball-day-night-historic-test-match/index.html]
[worldsports.club/wp-content/uploads/2019/05/football-india-craze-world-sports-club-350x250.jpg]
[worldsports.club/countries-and-their-national-games/index.html]
[worldsports.club/wp-content/plugins/instagram-feed/img/placeholder.png]
[sitespyr.com/js/analytics_js/client.js]
[worldsports.club/football-craze-is-growing-in-india/index.html]
[worldsports.club/category/highlights/index.html]
[worldsports.club/explore-your-future/index.html]
[worldsports.club/wp-content/themes/splash/assets/js/bootstrap.min05da.js]
[worldsports.club/wp-content/themes/splash/assets/js/select2.full.min05da.js]
[worldsports.club/wp-content/themes/splash/assets/js/owl.carousel.min05da.js]
[worldsports.club/wp-content/themes/splash/assets/js/jquery.fancybox.pack05da.js]
[worldsports.club/wp-includes/js/imagesloaded.min55a0.js]
[worldsports.club/wp-content/plugins/js_composer/assets/lib/bower/isotope/dist/isotope.pkgd.min52c7.js]
[worldsports.club/wp-content/themes/splash/assets/js/waypoints.min05da.js]
[worldsports.club/wp-content/themes/splash/assets/js/jquery.counterup.min05da.js]
[worldsports.club/wp-content/themes/splash/assets/js/lightbox05da.js]
[worldsports.club/wp-content/themes/splash/assets/js/splash05da.js]
[worldsports.club/wp-content/themes/splash/assets/js/header05da.js]
[worldsports.club/wp-content/themes/splash/assets/js/ticker_posts05da.js]
[worldsports.club/wp-content/themes/splash/assets/js/ajax.submit05da.js]
[worldsports.club/wp-content/plugins/contact-form-7/includes/js/scripts38c6.js]
[worldsports.club/wp-content/plugins/sportspress-for-cricket/js/sportspress-cricket8daf.js]
[worldsports.club/wp-content/plugins/sportspress-pro/includes/sportspress/assets/js/jquery.dataTables.min2c18.js]
[worldsports.club/wp-content/plugins/sportspress-pro/includes/sportspress/assets/js/sportspress07a9.js]
[worldsports.club/wp-content/plugins/sportspress-pro/includes/sportspress-match-stats/js/jquery.waypoints.mincce7.js]
[worldsports.club/wp-content/plugins/sportspress-pro/includes/sportspress-match-stats/js/sportspress-match-statsdc8c.js]
[worldsports.club/wp-content/plugins/sportspress-pro/includes/sportspress-scoreboard/js/sportspress-scoreboardeb10.js]
[worldsports.club/wp-content/plugins/sportspress-pro/includes/sportspress-sponsors/js/sportspress-sponsorseb10.js]
[worldsports.club/wp-content/plugins/sportspress-pro/includes/sportspress-tournaments/js/sportspress-tournamentsdb98.js]
[worldsports.club/wp-content/plugins/woocommerce/assets/js/js-cookie/js.cookie.min6b25.js]
[worldsports.club/wp-content/plugins/woocommerce/assets/js/frontend/woocommerce.min3a05.js]
[worldsports.club/wp-content/plugins/woocommerce/assets/js/frontend/cart-fragments.min3a05.js]
[worldsports.club/wp-content/plugins/mailchimp-for-woocommerce/public/js/mailchimp-woocommerce-public.min8066.js]
[worldsports.club/wp-includes/js/wp-embed.min7661.js]
[worldsports.club/wp-content/themes/splash/assets/js/ticker05da.js]
[worldsports.club/wp-content/plugins/js_composer/assets/js/dist/js_composer_front.min52c7.js]
[worldsports.club/wp-content/plugins/instagram-feed/js/sb-instagram-2-2.minfc3c.js]
[worldsports.club/index.html]
[worldsports.club/xmlrpc.php]
[worldsports.club/wp-content/plugins/instagram-feed/img/small-logo.png]
[worldsports.club/wp-content/plugins/instagram-feed/css/sb-instagram-2-2.minfc3c.css]
[worldsports.club/wp-content/plugins/user-registration/assets/images/wpspin_light-2x.gif]
[worldsports.club/wp-content/plugins/user-registration/assets/css/user-registration29af.css]
[worldsports.club/wp-content/plugins/user-registration/assets/css/user-registration-smallscreen29af.css]
[worldsports.club/wp-content/plugins/user-registration/assets/css/my-account-layout29af.css]
[worldsports.club/wp-content/plugins/user-registration/assets/css/sweetalert2/sweetalert2.min782a.css]
[worldsports.club/wp-includes/fonts/dashicons2ce6.eot]
[worldsports.club/wp-includes/fonts/dashicons2ce6.ttf]
[worldsports.club/wp-includes/css/dashicons.min7661.css]
[worldsports.club/wp-content/themes/splash/assets/fonts/glyphicons-halflings-regular.eot]
[worldsports.club/wp-content/themes/splash/assets/fonts/glyphicons-halflings-regulard41d.eot]
[worldsports.club/wp-content/themes/splash/assets/fonts/glyphicons-halflings-regular.woff2]
[worldsports.club/wp-content/themes/splash/assets/fonts/glyphicons-halflings-regular.woff]
[worldsports.club/wp-content/themes/splash/assets/fonts/glyphicons-halflings-regular.ttf]
[worldsports.club/wp-content/themes/splash/assets/fonts/glyphicons-halflings-regular.svg]
[worldsports.club/wp-content/themes/splash/assets/css/bootstrap.min05da.css]
[worldsports.club/wp-content/plugins/user-registration/assets/css/select229af.css]
[worldsports.club/wp-content/themes/splash/assets/css/owl.video.play.png]
[worldsports.club/wp-content/themes/splash/assets/css/owl.carousel05da.css]
[worldsports.club/wp-content/themes/splash/assets/fonts/fontawesome/fontawesome-webfont3e6e.eot]
[worldsports.club/wp-content/themes/splash/assets/fonts/fontawesome/fontawesome-webfontd41d.eot]
[worldsports.club/wp-content/themes/splash/assets/fonts/fontawesome/fontawesome-webfont3e6e.woff]
[worldsports.club/wp-content/themes/splash/assets/fonts/fontawesome/fontawesome-webfont3e6e.ttf]
[worldsports.club/wp-content/themes/splash/assets/css/font-awesome.min05da.css]
[worldsports.club/wp-content/themes/splash/assets/images/fancybox/fancybox_sprite.png]
[worldsports.club/wp-content/themes/splash/assets/images/fancybox/fancybox_loading.gif]
[worldsports.club/wp-content/themes/splash/assets/images/fancybox/blank.gif]
[worldsports.club/wp-content/themes/splash/assets/images/fancybox/fancybox_overlay.png]
[worldsports.club/wp-content/themes/splash/assets/images/fancybox/fancybox_sprite@2x.png]
[worldsports.club/wp-content/themes/splash/assets/images/fancybox/fancybox_loading@2x.gif]
[worldsports.club/wp-content/themes/splash/assets/css/jquery.fancybox05da.css]
[worldsports.club/wp-content/themes/splash/assets/images/close.png]
[worldsports.club/wp-content/themes/splash/assets/images/loading.gif]
[worldsports.club/wp-content/themes/splash/assets/images/prev.png]
[worldsports.club/wp-content/themes/splash/assets/images/next.png]
[worldsports.club/wp-content/themes/splash/assets/css/lightbox05da.css]
[worldsports.club/wp-content/themes/splash/assets/css/animate05da.css]
[worldsports.club/wp-content/themes/splash/assets/fonts/splash/stm-splash-icons7be0.eot]
[worldsports.club/wp-content/themes/splash/assets/fonts/splash/stm-splash-icons7be0.ttf]
[worldsports.club/wp-content/themes/splash/assets/fonts/splash/stm-splash-icons7be0.woff]
[worldsports.club/wp-content/themes/splash/assets/css/splash-icons05da.css]
[worldsports.club/wp-content/themes/splash/assets/images/arena.jpg]
[worldsports.club/wp-content/themes/splash/assets/images/soccer/about_block_bg.png]
[worldsports.club/wp-content/themes/splash/assets/images/helms/orange.png]
[worldsports.club/wp-content/themes/splash/assets/images/helms/black.png]
[worldsports.club/wp-content/themes/splash/assets/images/tmp/box_img_2.jpg]
[worldsports.club/wp-content/themes/splash/assets/css/styles05da.css]
[worldsports.club/wp-content/themes/splash/style05da.css]
[worldsports.club/wp-includes/css/dist/block-library/style.min7661.css]
[worldsports.club/wp-content/plugins/woocommerce/packages/woocommerce-blocks/build/style60a8.css]
[worldsports.club/wp-includes/css/dist/components/style.min7661.css]
[worldsports.club/wp-includes/css/dist/block-editor/style.min7661.css]
[worldsports.club/wp-includes/css/dist/nux/style.min7661.css]
[worldsports.club/wp-includes/css/dist/editor/style.min7661.css]
[worldsports.club/wp-content/plugins/whatsapp-for-wordpress/dist/blocks.style.build7661.css]
[worldsports.club/wp-content/plugins/contact-form-7/images/ajax-loader.gif]
[worldsports.club/wp-content/plugins/contact-form-7/includes/css/styles38c6.css]
[worldsports.club/wp-content/plugins/revslider/public/assets/fonts/revicons/revicons90c6.eot]
[worldsports.club/wp-content/plugins/revslider/public/assets/fonts/revicons/revicons90c6.woff]
[worldsports.club/wp-content/plugins/revslider/public/assets/fonts/revicons/revicons90c6.ttf]
[worldsports.club/wp-content/plugins/revslider/public/assets/assets/gridtile.png]
[worldsports.club/wp-content/plugins/revslider/public/assets/assets/gridtile_white.png]
[worldsports.club/wp-content/plugins/revslider/public/assets/assets/gridtile_3x3.png]
[worldsports.club/wp-content/plugins/revslider/public/assets/assets/gridtile_3x3_white.png]
[worldsports.club/wp-content/plugins/revslider/public/assets/assets/coloredbg.png]
[worldsports.club/wp-content/plugins/revslider/public/assets/assets/loader.gif]
[worldsports.club/wp-content/plugins/revslider/public/assets/css/rs61b46.css]
[worldsports.club/wp-content/plugins/sportspress-pro/includes/sportspress/assets/images/maps/pin.png]
[worldsports.club/wp-content/plugins/sportspress-pro/includes/sportspress/assets/css/sportspress07a9.css]
[worldsports.club/wp-content/plugins/sportspress-for-cricket/css/sportspress-for-cricket8daf.css]
[worldsports.club/wp-content/plugins/sportspress-pro/includes/sportspress/assets/fonts/sportspress1a19.eot]
[worldsports.club/wp-content/plugins/sportspress-pro/includes/sportspress/assets/fonts/sportspressd41d.eot]
[worldsports.club/wp-content/plugins/sportspress-pro/includes/sportspress/assets/fonts/sportspress1a19.ttf]
[worldsports.club/wp-content/plugins/sportspress-pro/includes/sportspress/assets/fonts/sportspress1a19.woff]
[worldsports.club/wp-content/plugins/sportspress-pro/includes/sportspress/assets/css/icons91ac.css]
[worldsports.club/wp-content/plugins/sportspress-pro/includes/sportspress-league-menu/css/sportspress-league-menu431f.css]
[worldsports.club/wp-content/plugins/sportspress-pro/includes/sportspress-match-stats/css/sportspress-match-statsdc8c.css]
[worldsports.club/wp-content/plugins/sportspress-pro/includes/sportspress-results-matrix/css/sportspress-results-matrixa19e.css]
[worldsports.club/wp-content/plugins/sportspress-pro/includes/sportspress-scoreboard/css/sportspress-scoreboarda117.css]
[worldsports.club/wp-content/plugins/sportspress-pro/includes/sportspress-scoreboard/css/sportspress-scoreboard-ltra117.css]
[worldsports.club/wp-content/plugins/sportspress-pro/includes/sportspress-sponsors/css/sportspress-sponsors9450.css]
[worldsports.club/wp-content/plugins/sportspress-pro/includes/sportspress-timelines/css/sportspress-timelinesfc99.css]
[worldsports.club/wp-content/plugins/sportspress-pro/includes/sportspress-tournaments/css/sportspress-tournamentsdb98.css]
[worldsports.club/wp-content/plugins/sportspress-pro/includes/sportspress-tournaments/css/sportspress-tournaments-ltrdb98.css]
[worldsports.club/wp-content/plugins/sportspress-pro/includes/sportspress-tournaments/css/jquery.bracket.min57c3.css]
[worldsports.club/wp-content/plugins/sportspress-pro/includes/sportspress-twitter/css/sportspress-twitter431f.css]
[worldsports.club/wp-content/plugins/sportspress-pro/includes/sportspress-user-scores/css/sportspress-user-scoresa361.css]
[worldsports.club/wp-content/plugins/woocommerce-gateway-paypal-express-checkout/assets/css/wc-gateway-ppec-frontend7661.css]
[worldsports.club/wp-content/themes/splash/includes/megamenu/assets/css/megamenu7661.css]
[worldsports.club/wp-content/plugins/whatsapp-for-wordpress/assets/css/style7661.css]
[worldsports.club/wp-content/plugins/js_composer/assets/vc/alert.png]
[worldsports.club/wp-content/plugins/js_composer/assets/vc/info.png]
[worldsports.club/wp-content/plugins/js_composer/assets/vc/tick.png]
[worldsports.club/wp-content/plugins/js_composer/assets/vc/exclamation.png]
[worldsports.club/wp-content/plugins/js_composer/assets/images/icons/address-book.png]
[worldsports.club/wp-content/plugins/js_composer/assets/images/icons/alarm-clock.png]
[worldsports.club/wp-content/plugins/js_composer/assets/images/icons/anchor.png]
[worldsports.club/wp-content/plugins/js_composer/assets/images/icons/application-image.png]
[worldsports.club/wp-content/plugins/js_composer/assets/images/icons/arrow.png]
[worldsports.club/wp-content/plugins/js_composer/assets/images/icons/asterisk.png]
[worldsports.club/wp-content/plugins/js_composer/assets/images/icons/auction-hammer.png]
[worldsports.club/wp-content/plugins/js_composer/assets/images/icons/balloon.png]
[worldsports.club/wp-content/plugins/js_composer/assets/images/icons/balloon-buzz.png]
[worldsports.club/wp-content/plugins/js_composer/assets/images/icons/balloon-facebook.png]
[worldsports.club/wp-content/plugins/js_composer/assets/images/icons/balloon-twitter.png]
[worldsports.club/wp-content/plugins/js_composer/assets/images/icons/battery-full.png]
[worldsports.club/wp-content/plugins/js_composer/assets/images/icons/binocular.png]
[worldsports.club/wp-content/plugins/js_composer/assets/images/icons/blue-document-excel.png]
[worldsports.club/wp-content/plugins/js_composer/assets/images/icons/blue-document-image.png]
[worldsports.club/wp-content/plugins/js_composer/assets/images/icons/blue-document-music.png]
[worldsports.club/wp-content/plugins/js_composer/assets/images/icons/blue-document-office.png]
[worldsports.club/wp-content/plugins/js_composer/assets/images/icons/blue-document-pdf.png]
[worldsports.club/wp-content/plugins/js_composer/assets/images/icons/blue-document-powerpoint.png]
[worldsports.club/wp-content/plugins/js_composer/assets/images/icons/blue-document-word.png]
[worldsports.club/wp-content/plugins/js_composer/assets/images/icons/bookmark.png]
[worldsports.club/wp-content/plugins/js_composer/assets/images/icons/camcorder.png]
[worldsports.club/wp-content/plugins/js_composer/assets/images/icons/camera.png]
[worldsports.club/wp-content/plugins/js_composer/assets/images/icons/chart.png]
[worldsports.club/wp-content/plugins/js_composer/assets/images/icons/chart-pie.png]
[worldsports.club/wp-content/plugins/js_composer/assets/images/icons/clock.png]
[worldsports.club/wp-content/plugins/js_composer/assets/images/icons/control.png]
[worldsports.club/wp-content/plugins/js_composer/assets/images/icons/fire.png]
[worldsports.club/wp-content/plugins/js_composer/assets/images/icons/heart.png]
[worldsports.club/wp-content/plugins/js_composer/assets/images/icons/mail.png]
[worldsports.club/wp-content/plugins/js_composer/assets/images/icons/plus-shield.png]
[worldsports.club/wp-content/plugins/js_composer/assets/images/icons/video.png]
[worldsports.club/wp-content/plugins/js_composer/assets/fonts/vc_icons_v2/fonts/vcpb-plugin-iconsb82a.eot]
[worldsports.club/wp-content/plugins/js_composer/assets/fonts/vc_icons_v2/fonts/vcpb-plugin-iconsb82a.ttf]
[worldsports.club/wp-content/plugins/js_composer/assets/fonts/vc_icons_v2/fonts/vcpb-plugin-iconsb82a.woff]
[worldsports.club/wp-content/plugins/js_composer/assets/images/toggle_open.png]
[worldsports.club/wp-content/plugins/js_composer/assets/images/toggle_close.png]
[worldsports.club/wp-content/plugins/js_composer/assets/images/flickr.png]
[worldsports.club/wp-content/plugins/js_composer/assets/fonts/vc_grid/vc_grid_v157a1.eot]
[worldsports.club/wp-content/plugins/js_composer/assets/fonts/vc_grid/vc_grid_v1d41d.eot]
[worldsports.club/wp-content/plugins/js_composer/assets/fonts/vc_grid/vc_grid_v157a1.woff]
[worldsports.club/wp-content/plugins/js_composer/assets/fonts/vc_grid/vc_grid_v157a1.ttf]
[worldsports.club/wp-content/plugins/js_composer/assets/images/spinner.gif]
[worldsports.club/wp-content/plugins/js_composer/assets/vc/remove.png]
[worldsports.club/wp-content/plugins/js_composer/assets/css/js_composer.min52c7.css]
[worldsports.club/wp-content/plugins/add-to-any/addtoany.min9be6.css]
[worldsports.club/POST]
[connect.facebook.net/en_US/fbevents.js]
[worldsports.club/wp-json/oembed/1.0/embed57bf.json]
[worldsports.club/wp-json/oembed/1.0/embedb19f]
[worldsports.club/wp-content/plugins/sportspress-pro/includes/sportspress-scoreboard/js/sportspress-scoreboard2b4b.js]
[worldsports.club/wp-content/plugins/sportspress-pro/includes/sportspress-sponsors/js/sportspress-sponsors2b4b.js]
[worldsports.club/wp-content/plugins/woocommerce/assets/js/frontend/country-select.min3a05.js]
[worldsports.club/wp-content/plugins/woocommerce/assets/js/frontend/address-i18n.min3a05.js]
[worldsports.club/wp-content/plugins/woocommerce/assets/js/frontend/cart.min3a05.js]
[worldsports.club/wp-content/plugins/user-registration/assets/js/selectWoo/selectWoo.full.mine248.js]
[worldsports.club/cart/index.html]
[worldsports.club/wp-json/oembed/1.0/embed308e.json]
[worldsports.club/wp-json/oembed/1.0/embedba8c]
[worldsports.club/wp-content/uploads/2019/10/sports-authority-of-india-world-sports-club-200x200.jpg]
[worldsports.club/wp-content/uploads/2019/10/stairs-empowering-youth-world-sports-club-200x200.jpg]
[worldsports.club/wp-content/uploads/2019/10/khelo-india-world-sports-club-200x200.jpg]
[worldsports.club/wp-content/uploads/2019/10/sport-singapore-world-sports-club-200x200.jpg]
[worldsports.club/wp-content/uploads/2019/10/dmc-sport-world-sports-club-200x200.jpg]
[worldsports.club/wp-content/uploads/2019/10/clubmark-world-sports-club-200x200.jpg]
[worldsports.club/wp-content/uploads/2019/10/omfinitive-logo-brijesh-shukla.jpg]
[worldsports.club/about-club/index.html]
[worldsports.club/wp-json/oembed/1.0/embed2c60.json]
[worldsports.club/wp-json/oembed/1.0/embed2ac9]
[worldsports.club/wp-content/uploads/2019/05/anjali-shukla-Sports-Girl-world-sports-club-386x450.jpg]
[worldsports.club/wp-content/uploads/2019/05/dhruv-shukla-cricketer-batsman-world-sports-club-386x450.jpg]
[worldsports.club/players/player-slide-1]
[worldsports.club/wp-content/uploads/2019/05/anjali-shukla-Sports-Girl-world-sports-club-75x75.jpg]
[worldsports.club/players/player-slide-2]
[worldsports.club/wp-content/uploads/2019/05/dhruv-shukla-cricketer-batsman-world-sports-club-75x75.jpg]
[worldsports.club/wp-content/plugins/sportspress-pro/includes/sportspress-scoreboard/js/sportspress-scoreboardf6ef.js]
[worldsports.club/wp-content/plugins/sportspress-pro/includes/sportspress-sponsors/js/sportspress-sponsorsf6ef.js]
[worldsports.club/wp-content/themes/splash/assets/js/vc_components/stm_players_tabs05da.js]
[worldsports.club/players/index.html]
[worldsports.club/wp-json/oembed/1.0/embed0448.json]
[worldsports.club/wp-json/oembed/1.0/embed98ac]
[worldsports.club/wp-content/uploads/2019/12/cricket-coaching-india-gujarat-maninagar-ahmedabad-maninagar-world-sports-club.jpg]
[worldsports.club/wp-content/plugins/sportspress-pro/includes/sportspress-scoreboard/js/sportspress-scoreboard4437.js]
[worldsports.club/wp-content/plugins/sportspress-pro/includes/sportspress-sponsors/js/sportspress-sponsors4437.js]
[worldsports.club/cricket-coaching/index.html]
[worldsports.club/product-tag/cricket-full-kit/index.html]
[worldsports.club/product-tag/cricket-bat/index.html]
[worldsports.club/product-tag/nike/index.html]
[worldsports.club/product-tag/ball/index.html]
[worldsports.club/product-tag/nike-air-max-270/index.html]
[worldsports.club/product-tag/shoes/index.html]
[worldsports.club/product-tag/sports/index.html]
[worldsports.club/product-tag/sg/index.html]
[worldsports.club/wp-json/oembed/1.0/embed7885.json]
[worldsports.club/wp-json/oembed/1.0/embedf8b1]
[worldsports.club/wp-content/uploads/2019/08/world-sports-club-policies.jpg]
[worldsports.club/wp-content/plugins/sportspress-pro/includes/sportspress-scoreboard/js/sportspress-scoreboard9aa5.js]
[worldsports.club/wp-content/plugins/sportspress-pro/includes/sportspress-sponsors/js/sportspress-sponsors9aa5.js]
[worldsports.club/wp-content/plugins/js_composer/assets/lib/vc_waypoints/vc-waypoints.min52c7.js]
[worldsports.club/club-policies/index.html]
[worldsports.club/wp-content/plugins/sportspress-pro/includes/sportspress-scoreboard/js/sportspress-scoreboard728e.js]
[worldsports.club/shop/feed/index.html]
[worldsports.club/shop/index5c86.html]
[worldsports.club/shop/index71d1.html]
[worldsports.club/shop/indexccdb.html]
[worldsports.club/wp-content/plugins/sportspress-pro/includes/sportspress-sponsors/js/sportspress-sponsors728e.js]
[worldsports.club/product-category/bat/index.html]
[worldsports.club/product-category/bat/sg/index.html]
[worldsports.club/wp-includes/js/jquery/ui/core.mine899.js]
[worldsports.club/product-category/clothing/t-shirts/index.html]
[worldsports.club/product-category/clothing/index.html]
[worldsports.club/product-category/club/index.html]
[worldsports.club/wp-includes/js/jquery/ui/widget.mine899.js]
[worldsports.club/product-category/cricket-kit/index.html]
[worldsports.club/wp-includes/js/jquery/ui/mouse.mine899.js]
[worldsports.club/product-category/shoes/index.html]
[worldsports.club/wp-includes/js/jquery/ui/slider.mine899.js]
[worldsports.club/product-category/shoes/nike/index.html]
[worldsports.club/wp-content/plugins/woocommerce/assets/js/jquery-ui-touch-punch/jquery-ui-touch-punch.min3a05.js]
[worldsports.club/wp-content/plugins/woocommerce/assets/js/accounting/accounting.minaffb.js]
[worldsports.club/wp-content/plugins/woocommerce/assets/js/frontend/price-slider.min3a05.js]
[worldsports.club/shop/index.html]
[worldsports.club/wp-json/oembed/1.0/embed48ad.json]
[worldsports.club/wp-json/oembed/1.0/embedf7d8]
[worldsports.club/wp-content/uploads/2019/05/cricket-football-world-sports-club.jpg]
[worldsports.club/wp-content/uploads/2019/05/registration-wsc.jpg]
[worldsports.club/wp-content/plugins/sportspress-pro/includes/sportspress-scoreboard/js/sportspress-scoreboard9834.js]
[worldsports.club/wp-content/plugins/sportspress-pro/includes/sportspress-sponsors/js/sportspress-sponsors9834.js]
[worldsports.club/wp-content/plugins/user-registration/assets/js/frontend/jquery.validate.min24fc.js]
[worldsports.club/wp-content/plugins/user-registration/assets/js/inputmask/jquery.inputmask.bundle.minbf7b.js]
[worldsports.club/wp-content/plugins/user-registration/assets/js/frontend/user-registration.min29af.js]
[worldsports.club/wp-content/plugins/user-registration/assets/js/flatpickr/flatpickr.min8686.js]
[worldsports.club/player-registration/index.html]
[worldsports.club/wp-json/oembed/1.0/embed83ff.json]
[worldsports.club/wp-json/oembed/1.0/embedb7a3]
[worldsports.club/wp-content/uploads/2019/09/coach-manager-registration.jpg]
[worldsports.club/wp-content/plugins/sportspress-pro/includes/sportspress-scoreboard/js/sportspress-scoreboarde2ca.js]
[worldsports.club/wp-content/plugins/sportspress-pro/includes/sportspress-sponsors/js/sportspress-sponsorse2ca.js]
[worldsports.club/coach-manager-registration/index.html]
[worldsports.club/wp-json/oembed/1.0/embed82c6.json]
[worldsports.club/wp-json/oembed/1.0/embed563e]
[worldsports.club/wp-content/uploads/2019/09/team-registration.jpg]
[worldsports.club/wp-content/plugins/sportspress-pro/includes/sportspress-scoreboard/js/sportspress-scoreboardc6eb.js]
[worldsports.club/wp-content/plugins/sportspress-pro/includes/sportspress-sponsors/js/sportspress-sponsorsc6eb.js]
[worldsports.club/team-club-school-registration/index.html]
[worldsports.club/wp-json/oembed/1.0/embededa0.json]
[worldsports.club/wp-json/oembed/1.0/embed9567]
[worldsports.club/wp-content/uploads/2019/05/worldsportsclub-370x150.png]
[worldsports.club/wp-content/plugins/sportspress-pro/includes/sportspress-scoreboard/js/sportspress-scoreboard433b.js]
[worldsports.club/wp-content/plugins/sportspress-pro/includes/sportspress-sponsors/js/sportspress-sponsors433b.js]
[worldsports.club/contacts/index.html]
[worldsports.club/wp-json/oembed/1.0/embed3f95.json]
[worldsports.club/team/wsc-team/index.html]
[worldsports.club/wp-json/oembed/1.0/embeda274]
[worldsports.club/wp-content/plugins/sportspress-pro/includes/sportspress-scoreboard/js/sportspress-scoreboardeadf.js]
[worldsports.club/wp-content/plugins/sportspress-pro/includes/sportspress-sponsors/js/sportspress-sponsorseadf.js]
[worldsports.club/team/kangaroos/index.html]
[worldsports.club/wp-json/oembed/1.0/embedec4e.json]
[worldsports.club/wp-json/oembed/1.0/embedf264]
[worldsports.club/wp-content/plugins/sportspress-pro/includes/sportspress-scoreboard/js/sportspress-scoreboard5caa.js]
[worldsports.club/wp-content/plugins/sportspress-pro/includes/sportspress-sponsors/js/sportspress-sponsors5caa.js]
[worldsports.club/team/bluebirds/index.html]
[worldsports.club/wp-json/oembed/1.0/embed83f7.json]
[worldsports.club/wp-json/oembed/1.0/embed9842]
[worldsports.club/team/eagles/index.html]
[worldsports.club/wp-json/oembed/1.0/embed9600.json]
[worldsports.club/wp-json/oembed/1.0/embed351e]
[worldsports.club/wp-content/uploads/2019/05/seventh-day-stars-128x128.jpg]
[worldsports.club/wp-content/plugins/sportspress-pro/includes/sportspress-scoreboard/js/sportspress-scoreboard389d.js]
[worldsports.club/wp-content/plugins/sportspress-pro/includes/sportspress-sponsors/js/sportspress-sponsors389d.js]
[worldsports.club/team/seventh-day-stars/index.html]
[worldsports.club/wp-json/oembed/1.0/embedc72a.json]
[worldsports.club/wp-json/oembed/1.0/embed61b0]
[worldsports.club/team/gujarat-eagles/index.html]
[worldsports.club/wp-json/oembed/1.0/embed6f99.json]
[worldsports.club/wp-json/oembed/1.0/embedc331]
[worldsports.club/wp-content/plugins/sportspress-pro/includes/sportspress/assets/images/flags/ind.png]
[worldsports.club/wp-content/plugins/sportspress-pro/includes/sportspress-scoreboard/js/sportspress-scoreboard0e48.js]
[worldsports.club/wp-content/plugins/sportspress-pro/includes/sportspress-sponsors/js/sportspress-sponsors0e48.js]
[worldsports.club/player/anjali-shukla/index.html]
[worldsports.club/league/primary-league/index606e.html]
[worldsports.club/wp-json/oembed/1.0/embede5ae.json]
[worldsports.club/wp-json/oembed/1.0/embed6998]
[worldsports.club/wp-content/uploads/2019/05/dhruv-shukla-cricketer-batsman-wicketkeeper-allrounder-worldsportsclub.jpg]
[worldsports.club/wp-content/uploads/2019/05/dhruv-shukla-cricketer-batsman-world-sports-club.jpg]
[worldsports.club/wp-content/uploads/2019/05/dhruv-shukla-cricketer-batsman-world-sports-club-270x250.jpg]
[worldsports.club/wp-content/uploads/2019/05/dhruv-shukla-world-sports-club-star-cricket-batsman.jpg]
[worldsports.club/wp-content/uploads/2019/05/dhruv-shukla-world-sports-club-star-cricket-batsman-270x250.jpg]
[worldsports.club/wp-content/uploads/2019/05/dhruv-shukla-world-sports-club-opening.jpg]
[worldsports.club/wp-content/uploads/2019/05/dhruv-shukla-world-sports-club-opening-270x250.jpg]
[worldsports.club/wp-content/uploads/2019/05/dhruv-shukla-world-sports-club-net-practice.jpg]
[worldsports.club/wp-content/uploads/2019/05/dhruv-shukla-world-sports-club-net-practice-270x250.jpg]
[worldsports.club/wp-content/uploads/2019/05/cricket-team-world-sports-club.jpg]
[worldsports.club/wp-content/uploads/2019/05/cricket-team-world-sports-club-270x250.jpg]
[worldsports.club/wp-content/uploads/2019/05/sqaud-cricket-world-sports-club.jpg]
[worldsports.club/wp-content/uploads/2019/05/sqaud-cricket-world-sports-club-270x250.jpg]
[worldsports.club/wp-content/uploads/2019/05/dhruv-shukla-cricketer-batsman-worldsportsclub.jpg]
[worldsports.club/wp-content/uploads/2019/05/dhruv-shukla-cricketer-batsman-worldsportsclub-270x250.jpg]
[worldsports.club/player/dhruvshukla/index.html]
[platform.twitter.com/widgets.js]
[worldsports.club/wp-content/plugins/sportspress-pro/includes/sportspress-scoreboard/js/sportspress-scoreboard7e1f.js]
[worldsports.club/event/seventh-day-stars-vs-gujarat-eagles/index.html]
[worldsports.club/wp-content/plugins/sportspress-pro/includes/sportspress-sponsors/js/sportspress-sponsors7e1f.js]
[worldsports.club/index5c86.html]
[worldsports.club/product/nike-air-max-270/feed/index.html]
[worldsports.club/wp-json/oembed/1.0/embed1644.json]
[worldsports.club/wp-json/oembed/1.0/embedb49c]
[worldsports.club/wp-content/uploads/2019/05/nike-air-270c-white-red-world-sports-academy.jpg]
[worldsports.club/wp-content/uploads/2019/05/nike-air-270c-white-red-world-sports-academy-600x600.jpg]
[worldsports.club/wp-content/uploads/2019/05/nike-air-270c-white-red-world-sports-academy-5.jpg]
[worldsports.club/wp-content/uploads/2019/05/nike-air-270c-white-red-world-sports-academy-5-600x600.jpg]
[worldsports.club/wp-content/uploads/2019/05/nike-air-270c-white-red-world-sports-academy-4.jpg]
[worldsports.club/wp-content/uploads/2019/05/nike-air-270c-white-red-world-sports-academy-4-600x600.jpg]
[worldsports.club/wp-content/uploads/2019/05/nike-air-270c-white-red-world-sports-academy-3.jpg]
[worldsports.club/wp-content/uploads/2019/05/nike-air-270c-white-red-world-sports-academy-3-600x600.jpg]
[worldsports.club/wp-content/uploads/2019/05/nike-air-270c-white-red-world-sports-academy-2.jpg]
[worldsports.club/wp-content/uploads/2019/05/nike-air-270c-white-red-world-sports-academy-2-600x600.jpg]
[worldsports.club/wp-content/uploads/2019/05/nike-air-270c-white-red-world-sports-academy-1.jpg]
[worldsports.club/wp-content/uploads/2019/05/nike-air-270c-white-red-world-sports-academy-1-600x600.jpg]
[worldsports.club/wp-includes/js/comment-reply.min7661.js]
[worldsports.club/wp-content/themes/splash/assets/js/slick.min05da.js]
[worldsports.club/wp-content/plugins/sportspress-pro/includes/sportspress-scoreboard/js/sportspress-scoreboardeeb1.js]
[worldsports.club/wp-content/plugins/sportspress-pro/includes/sportspress-sponsors/js/sportspress-sponsorseeb1.js]
[worldsports.club/wp-content/plugins/woocommerce/assets/js/zoom/jquery.zoom.min5a35.js]
[worldsports.club/wp-content/plugins/js_composer/assets/lib/bower/flexslider/jquery.flexslider-min52c7.js]
[worldsports.club/wp-content/plugins/woocommerce/assets/js/photoswipe/photoswipe.min0235.js]
[worldsports.club/wp-content/plugins/woocommerce/assets/js/photoswipe/photoswipe-ui-default.min0235.js]
[worldsports.club/wp-content/plugins/woocommerce/assets/js/frontend/single-product.min3a05.js]
[worldsports.club/product/nike-air-max-270/index.html]
[worldsports.club/indexccdb.html]
[worldsports.club/product/sg-complete-cricket-kit-with-ball/feed/index.html]
[worldsports.club/wp-json/oembed/1.0/embed55be.json]
[worldsports.club/wp-json/oembed/1.0/embed9188]
[worldsports.club/wp-content/uploads/2019/11/sg-full-cricket-kit-world-sports-club.jpg]
[worldsports.club/wp-content/uploads/2019/07/world-sport-slub-sg-cricket-bat-front-570x350.jpg]
[worldsports.club/wp-content/plugins/sportspress-pro/includes/sportspress-scoreboard/js/sportspress-scoreboard3733.js]
[worldsports.club/wp-content/plugins/sportspress-pro/includes/sportspress-sponsors/js/sportspress-sponsors3733.js]
[worldsports.club/product/sg-complete-cricket-kit-with-ball/index.html]
[worldsports.club/wp-content/plugins/sportspress-pro/includes/sportspress-scoreboard/js/sportspress-scoreboard89b8.js]
[worldsports.club/wp-content/plugins/sportspress-pro/includes/sportspress-sponsors/js/sportspress-sponsors89b8.js]
[worldsports.club/index71d1.html]
[worldsports.club/product/sg-rsd-spark-kashmir-willow-cricket-bat/feed/index.html]
[worldsports.club/wp-json/oembed/1.0/embed70f0.json]
[worldsports.club/wp-json/oembed/1.0/embed89f1]
[worldsports.club/wp-content/uploads/2019/07/world-sport-slub-sg-cricket-bat-front.jpg]
[worldsports.club/wp-content/uploads/2019/07/world-sport-slub-sg-cricket-bat-front-600x600.jpg]
[worldsports.club/wp-content/uploads/2019/07/world-sport-slub-sg-cricket-bat-back.jpg]
[worldsports.club/wp-content/uploads/2019/07/world-sport-slub-sg-cricket-bat-back-600x600.jpg]
[worldsports.club/wp-content/uploads/2019/07/world-sport-slub-sg-cricket-bat-side.jpg]
[worldsports.club/wp-content/uploads/2019/07/world-sport-slub-sg-cricket-bat-side-600x600.jpg]
[worldsports.club/product/sg-rsd-spark-kashmir-willow-cricket-bat/index.html]
[worldsports.club/girls-cricket-women-cricket-providing-empowering-experiences-for-females-of-all-ages/feed/index.html]
[worldsports.club/wp-json/oembed/1.0/embed2fae.json]
[worldsports.club/wp-json/oembed/1.0/embed7868]
[worldsports.club/wp-content/uploads/2019/12/world-sports-club-men-and-women-ghodasar-maninagar-ahmedabad-gujarat-india-cricket-coaching-classes-960x650.jpg]
[worldsports.club/wp-content/uploads/2019/12/girls-cricket-women-coaching-world-sport-club-free.jpg]
[worldsports.club/news/index.html]
[worldsports.club/wp-content/uploads/2019/12/world-sports-club-men-and-women-ghodasar-maninagar-ahmedabad-gujarat-india-cricket-coaching-classes-150x150.jpg]
[worldsports.club/tag/cricket-coaching/index.html]
[worldsports.club/tag/expert-coaching/index.html]
[worldsports.club/wp-content/plugins/sportspress-pro/includes/sportspress-scoreboard/js/sportspress-scoreboard9dd1.js]
[worldsports.club/tag/girls-cricket/index.html]
[worldsports.club/tag/coach-training/index.html]
[worldsports.club/wp-content/plugins/sportspress-pro/includes/sportspress-sponsors/js/sportspress-sponsors9dd1.js]
[worldsports.club/girls-cricket-women-cricket-providing-empowering-experiences-for-females-of-all-ages/index.html]
[worldsports.club/tag/woman-cricket/index.html]
[worldsports.club/tag/women-cricket/index.html]
[worldsports.club/wp-content/uploads/2019/12/world-sports-club-men-and-women-ghodasar-maninagar-ahmedabad-gujarat-india-cricket-coaching-classes-570x350.jpg]
[worldsports.club/category/top-stories/index.html]
[worldsports.club/category/latest-news/feed/index.html]
[worldsports.club/wp-content/uploads/2019/11/pink-ball-570x350.jpg]
[worldsports.club/wp-content/plugins/sportspress-pro/includes/sportspress-scoreboard/js/sportspress-scoreboard23d8.js]
[worldsports.club/wp-content/plugins/sportspress-pro/includes/sportspress-sponsors/js/sportspress-sponsors23d8.js]
[worldsports.club/category/latest-news/index.html]
[worldsports.club/tag/day-night-test-match/index.html]
[worldsports.club/india-gears-up-for-pink-ball-day-night-historic-test-match/feed/index.html]
[worldsports.club/wp-json/oembed/1.0/embed5960.json]
[worldsports.club/wp-json/oembed/1.0/embed4461]
[worldsports.club/wp-content/uploads/2019/11/pink-ball-1170x650.jpg]
[worldsports.club/wp-content/plugins/sportspress-pro/includes/sportspress-scoreboard/js/sportspress-scoreboard51da.js]
[worldsports.club/wp-content/plugins/sportspress-pro/includes/sportspress-sponsors/js/sportspress-sponsors51da.js]
[worldsports.club/india-gears-up-for-pink-ball-day-night-historic-test-match/index.html]
[worldsports.club/tag/pink-ball-test-match/index.html]
[worldsports.club/tag/world-sports-club/index.html]
[worldsports.club/countries-and-their-national-games/feed/index.html]
[worldsports.club/wp-json/oembed/1.0/embede384.json]
[worldsports.club/wp-json/oembed/1.0/embedb38e]
[worldsports.club/wp-content/uploads/2019/05/list-of-national-sports-world-sports-club-1170x650.jpg]
[worldsports.club/countries-and-their-national-games/index.html]
[worldsports.club/wp-content/uploads/2019/05/list-of-national-sports-world-sports-club-570x350.jpg]
[worldsports.club/tag/countries/index.html]
[worldsports.club/wp-content/uploads/2019/05/football-india-craze-world-sports-club-570x350.jpg]
[worldsports.club/tag/national-games/index.html]
[worldsports.club/wp-content/plugins/sportspress-pro/includes/sportspress-scoreboard/js/sportspress-scoreboarda858.js]
[worldsports.club/category/highlights/feed/index.html]
[worldsports.club/wp-content/plugins/sportspress-pro/includes/sportspress-sponsors/js/sportspress-sponsorsa858.js]
[worldsports.club/category/highlights/index.html]
[worldsports.club/tag/football/index.html]
[worldsports.club/football-craze-is-growing-in-india/feed/index.html]
[worldsports.club/wp-json/oembed/1.0/embedfefb.json]
[worldsports.club/wp-json/oembed/1.0/embedbbf1]
[worldsports.club/wp-content/uploads/2019/05/football-india-craze-world-sports-club-1170x650.jpg]
[worldsports.club/wp-content/plugins/sportspress-pro/includes/sportspress-scoreboard/js/sportspress-scoreboard31aa.js]
[worldsports.club/wp-content/plugins/sportspress-pro/includes/sportspress-sponsors/js/sportspress-sponsors31aa.js]
[worldsports.club/football-craze-is-growing-in-india/index.html]
[worldsports.club/wp-json/oembed/1.0/embedd9c8.json]
[worldsports.club/explore-your-future/feed/index.html]
[worldsports.club/tag/india/index.html]
[worldsports.club/wp-json/oembed/1.0/embed48ad]
[worldsports.club/wp-content/uploads/2019/05/wsc-900x650.jpg]
[worldsports.club/tag/football-craze/index.html]
[worldsports.club/wp-content/plugins/sportspress-pro/includes/sportspress-scoreboard/js/sportspress-scoreboard3882.js]
[worldsports.club/wp-content/plugins/sportspress-pro/includes/sportspress-sponsors/js/sportspress-sponsors3882.js]
[worldsports.club/explore-your-future/index.html]
[worldsports.club/wp-content/themes/splash/assets/fonts/glyphicons-halflings-regular.html]
[worldsports.club/wp-content/themes/splash/assets/fonts/glyphicons-halflings-regulard41d.html]
[worldsports.club/wp-content/themes/splash/assets/fonts/glyphicons-halflings-regular-2.html]
[worldsports.club/wp-content/themes/splash/assets/fonts/glyphicons-halflings-regular-3.html]
[worldsports.club/wp-content/themes/splash/assets/fonts/glyphicons-halflings-regular-4.html]
[worldsports.club/wp-content/themes/splash/assets/fonts/glyphicons-halflings-regular-5.html]
[worldsports.club/wp-content/themes/splash/assets/css/owl.video.play.html]
[worldsports.club/wp-content/themes/splash/assets/fonts/fontawesome/fontawesome-webfont3e6e.html]
[worldsports.club/wp-content/themes/splash/assets/fonts/fontawesome/fontawesome-webfont3e6e.svg]
[worldsports.club/wp-content/themes/splash/assets/fonts/splash/stm-splash-icons7be0.svg]
[worldsports.club/wp-content/themes/splash/assets/images/soccer/icon_view_block.svg]
[worldsports.club/wp-content/themes/splash/assets/images/soccer/icon_view_grid.svg]
[worldsports.club/wp-content/plugins/revslider/public/assets/fonts/revicons/revicons90c6.svg]
[worldsports.club/wp-content/plugins/revslider/public/assets/css/openhand.html]
[worldsports.club/wp-content/plugins/revslider/public/assets/css/closedhand.html]
[worldsports.club/wp-content/plugins/sportspress-pro/includes/sportspress/assets/fonts/sportspress1a19.html]
[worldsports.club/wp-content/plugins/sportspress-pro/includes/sportspress/assets/fonts/sportspress1a19.svg]
[worldsports.club/wp-content/plugins/whatsapp-for-wordpress/assets/img/whatsapp_logo_green.svg]
[worldsports.club/wp-content/plugins/whatsapp-for-wordpress/assets/img/whatsapp_logo_gray.svg]
[worldsports.club/wp-content/plugins/whatsapp-for-wordpress/assets/img/whatsapp_logo.svg]
[worldsports.club/wp-content/plugins/whatsapp-for-wordpress/assets/img/whatsapp_logo_gray_sm.svg]
[worldsports.club/wp-content/plugins/whatsapp-for-wordpress/assets/img/whatsapp_logo_green_sm.svg]
[worldsports.club/wp-content/plugins/whatsapp-for-wordpress/assets/img/x_icon.svg]
[worldsports.club/wp-content/plugins/js_composer/assets/fonts/vc_icons_v2/fonts/vcpb-plugin-iconsb82a.svg]
[worldsports.club/wp-content/plugins/js_composer/assets/vc/blur.svg]
[worldsports.club/wp-content/plugins/js_composer/assets/fonts/vc_grid/vc_grid_v157a1.svg]
[worldsports.club/POST.html]
[worldsports.club/index5cfa.html]
[worldsports.club/index4494.html]
[worldsports.club/index0658.html]
[worldsports.club/players/player-slide-1.html]
[worldsports.club/players/player-slide-2.html]
[worldsports.club/wp-content/themes/splash/assets/css/vc_components/stm_players_tabs05da.css]
[worldsports.club/index030b.html]
[worldsports.club/tag/future/index.html]
[worldsports.club/tag/all-sports/index.html]
[worldsports.club/wp-content/plugins/sportspress-pro/includes/sportspress-scoreboard/js/sportspress-scoreboard8d47.js]
[worldsports.club/wp-content/plugins/sportspress-pro/includes/sportspress-sponsors/js/sportspress-sponsors8d47.js]
[worldsports.club/product-tag/ball/index.html]
[worldsports.club/product-tag/cricket-bat/index.html]
[worldsports.club/product-tag/cricket-bat/indexccdb.html]
[worldsports.club/product-tag/ball/feed/index.html]
[worldsports.club/product-tag/cricket-bat/feed/index.html]
[worldsports.club/product-tag/ball/indexccdb.html]
[worldsports.club/wp-content/plugins/sportspress-pro/includes/sportspress-scoreboard/js/sportspress-scoreboardfb6a.js]
[worldsports.club/wp-content/plugins/sportspress-pro/includes/sportspress-sponsors/js/sportspress-sponsorsfb6a.js]
[worldsports.club/product-tag/cricket-full-kit/index.html]
[worldsports.club/product-tag/nike/index.html]
[worldsports.club/product-tag/cricket-bat/index71d1.html]
[worldsports.club/product-tag/cricket-full-kit/feed/index.html]
[worldsports.club/product-tag/cricket-full-kit/indexccdb.html]
[worldsports.club/product-tag/nike/feed/index.html]
[worldsports.club/product-tag/nike/index5c86.html]
[worldsports.club/wp-content/plugins/sportspress-pro/includes/sportspress-scoreboard/js/sportspress-scoreboard41d4.js]
[worldsports.club/wp-content/plugins/sportspress-pro/includes/sportspress-sponsors/js/sportspress-sponsors41d4.js]
[worldsports.club/product-tag/nike-air-max-270/index.html]
[worldsports.club/wp-content/plugins/sportspress-pro/includes/sportspress-scoreboard/js/sportspress-scoreboard3d96.js]
[worldsports.club/product-tag/nike-air-max-270/feed/index.html]
[worldsports.club/product-tag/nike-air-max-270/index5c86.html]
[worldsports.club/wp-content/plugins/sportspress-pro/includes/sportspress-sponsors/js/sportspress-sponsors3d96.js]
[worldsports.club/product-tag/sg/index.html]
[worldsports.club/wp-content/plugins/sportspress-pro/includes/sportspress-scoreboard/js/sportspress-scoreboard19db.js]
[worldsports.club/product-tag/sg/indexccdb.html]
[worldsports.club/product-tag/sg/index71d1.html]
[worldsports.club/wp-content/plugins/sportspress-pro/includes/sportspress-sponsors/js/sportspress-sponsors19db.js]
[worldsports.club/product-tag/shoes/index.html]
[worldsports.club/product-tag/sports/index.html]
[worldsports.club/product-tag/sg/feed/index.html]
[worldsports.club/product-tag/shoes/feed/index.html]
[worldsports.club/product-tag/shoes/index5c86.html]
[worldsports.club/product-tag/sports/feed/index.html]
[worldsports.club/indexbc32.html]
[worldsports.club/product-tag/sports/indexccdb.html]
[worldsports.club/wp-content/plugins/js_composer/assets/lib/bower/animate-css/animate.min52c7.css]
[worldsports.club/product-tag/sports/index71d1.html]
[worldsports.club/wp-content/plugins/sportspress-pro/includes/sportspress-scoreboard/js/sportspress-scoreboardb6e4.js]
[worldsports.club/wp-content/plugins/sportspress-pro/includes/sportspress-sponsors/js/sportspress-sponsorsb6e4.js]
[worldsports.club/shop/index5c86.html]
[worldsports.club/shop/indexccdb.html]
[worldsports.club/shop/index71d1.html]
[worldsports.club/wp-content/plugins/sportspress-pro/includes/sportspress-scoreboard/js/sportspress-scoreboard2776.js]
[worldsports.club/wp-content/plugins/sportspress-pro/includes/sportspress-sponsors/js/sportspress-sponsors2776.js]
[worldsports.club/product-category/bat/index.html]
[worldsports.club/product-category/bat/sg/index.html]
[worldsports.club/product-category/bat/indexccdb.html]
[worldsports.club/product-category/bat/index71d1.html]
[worldsports.club/product-category/bat/feed/index.html]
[worldsports.club/product-category/bat/sg/feed/index.html]
[worldsports.club/wp-content/plugins/sportspress-pro/includes/sportspress-scoreboard/js/sportspress-scoreboardd183.js]
[worldsports.club/wp-content/plugins/sportspress-pro/includes/sportspress-sponsors/js/sportspress-sponsorsd183.js]
[worldsports.club/product-category/clothing/index.html]
[worldsports.club/product-category/clothing/t-shirts/index.html]
[worldsports.club/product-category/bat/sg/index71d1.html]
[worldsports.club/product-category/bat/sg/indexccdb.html]
[worldsports.club/product-category/clothing/feed/index.html]
[worldsports.club/product-category/clothing/t-shirts/feed/index.html]
[worldsports.club/wp-content/plugins/sportspress-pro/includes/sportspress-scoreboard/js/sportspress-scoreboard8acc.js]
[worldsports.club/wp-content/plugins/sportspress-pro/includes/sportspress-sponsors/js/sportspress-sponsors8acc.js]
[worldsports.club/product-category/club/index.html]
[worldsports.club/product-category/cricket-kit/index.html]
[worldsports.club/product-category/club/feed/index.html]
[worldsports.club/wp-content/plugins/sportspress-pro/includes/sportspress-scoreboard/js/sportspress-scoreboardb909.js]
[worldsports.club/product-category/cricket-kit/feed/index.html]
[worldsports.club/product-category/cricket-kit/indexccdb.html]
[worldsports.club/wp-content/plugins/sportspress-pro/includes/sportspress-sponsors/js/sportspress-sponsorsb909.js]
[worldsports.club/product-category/shoes/index.html]
[worldsports.club/product-category/shoes/feed/index.html]
[worldsports.club/wp-content/plugins/sportspress-pro/includes/sportspress-scoreboard/js/sportspress-scoreboard28b1.js]
[worldsports.club/product-category/shoes/index5c86.html]
[worldsports.club/wp-content/plugins/sportspress-pro/includes/sportspress-sponsors/js/sportspress-sponsors28b1.js]
[worldsports.club/product-category/shoes/nike/index.html]
[worldsports.club/indexe5f6.html]
[worldsports.club/wp-content/plugins/user-registration/assets/css/flatpickr/flatpickr.min8686.css]
[worldsports.club/index3e8c.html]
[worldsports.club/index5e48.html]
[worldsports.club/indexc344.html]
[worldsports.club/product-category/shoes/nike/feed/index.html]
[worldsports.club/product-category/shoes/nike/index5c86.html]
[worldsports.club/wp-json/oembed/1.0/embed2d82.json]
[worldsports.club/wp-json/oembed/1.0/embed1a45]
[worldsports.club/wp-content/uploads/2019/05/wsc-team-128x128.png]
[worldsports.club/wp-content/plugins/sportspress-pro/includes/sportspress-scoreboard/js/sportspress-scoreboard6775.js]
[worldsports.club/wp-content/plugins/sportspress-pro/includes/sportspress-sponsors/js/sportspress-sponsors6775.js]
[worldsports.club/team/wsc-team/index.html]
[worldsports.club/index0f08.html]
[worldsports.club/indexa7c7.html]
[worldsports.club/index20d7.html]
[worldsports.club/indexd246.html]
[worldsports.club/indexab6b.html]
[worldsports.club/index848b.html]
[worldsports.club/wp-content/uploads/2019/05/dhruv-shukla-cricketer-batsman-world-sports-club-570x350.jpg]
[worldsports.club/wp-content/uploads/2019/05/anjali-shukla-Sports-Girl-world-sports-club-570x350.jpg]
[worldsports.club/league/primary-league/feed/index.html]
[worldsports.club/wp-content/plugins/sportspress-pro/includes/sportspress-scoreboard/js/sportspress-scoreboard02df.js]
[worldsports.club/wp-content/plugins/sportspress-pro/includes/sportspress-sponsors/js/sportspress-sponsors02df.js]
[worldsports.club/league/primary-league/index606e.html]
[worldsports.club/index5bce.html]
[worldsports.club/wp-json/oembed/1.0/embed9f1d.json]
[worldsports.club/event/bluebirds-vs-eagles/index.html]
[worldsports.club/event/seventh-day-stars-vs-gujarat-eagles-2/index.html]
[worldsports.club/wp-json/oembed/1.0/embed2032]
[worldsports.club/wp-content/uploads/2019/05/seventh-day-stars-200x200.jpg]
[worldsports.club/wp-content/plugins/sportspress-pro/includes/sportspress-scoreboard/js/sportspress-scoreboard8eb7.js]
[worldsports.club/wp-content/plugins/sportspress-pro/includes/sportspress-sponsors/js/sportspress-sponsors8eb7.js]
[worldsports.club/event/seventh-day-stars-vs-gujarat-eagles/index.html]
[worldsports.club/wp-content/plugins/woocommerce/assets/css/photoswipe/default-skin/default-skin.png]
[worldsports.club/wp-content/plugins/woocommerce/assets/css/photoswipe/photoswipe.min3a05.css]
[worldsports.club/wp-content/plugins/woocommerce/assets/css/photoswipe/default-skin/preloader.gif]
[worldsports.club/wp-content/plugins/woocommerce/assets/css/photoswipe/default-skin/default-skin.min3a05.css]
[worldsports.club/indexb213.html]
[worldsports.club/index2809.html]
[worldsports.club/index9c7c.html]
[worldsports.club/indexa07b.html]
[worldsports.club/wp-content/uploads/2019/05/wsc-570x350.jpg]
[worldsports.club/wp-content/plugins/sportspress-pro/includes/sportspress-scoreboard/js/sportspress-scoreboard7753.js]
[worldsports.club/wp-content/plugins/sportspress-pro/includes/sportspress-sponsors/js/sportspress-sponsors7753.js]
[worldsports.club/news/index.html]
[worldsports.club/wp-content/plugins/sportspress-pro/includes/sportspress-scoreboard/js/sportspress-scoreboarde4e8.js]
[worldsports.club/wp-content/plugins/sportspress-pro/includes/sportspress-sponsors/js/sportspress-sponsorse4e8.js]
[worldsports.club/tag/coach-training/index.html]
[worldsports.club/wp-content/plugins/sportspress-pro/includes/sportspress-scoreboard/js/sportspress-scoreboard9bb3.js]
[worldsports.club/wp-content/plugins/sportspress-pro/includes/sportspress-sponsors/js/sportspress-sponsors9bb3.js]
[worldsports.club/tag/cricket-coaching/index.html]
[worldsports.club/tag/expert-coaching/index.html]
[worldsports.club/tag/girls-cricket/index.html]
[worldsports.club/tag/coach-training/feed/index.html]
[worldsports.club/tag/cricket-coaching/feed/index.html]
[worldsports.club/tag/expert-coaching/feed/index.html]
[worldsports.club/tag/girls-cricket/feed/index.html]
[worldsports.club/wp-content/plugins/sportspress-pro/includes/sportspress-scoreboard/js/sportspress-scoreboard8b25.js]
[worldsports.club/wp-content/plugins/sportspress-pro/includes/sportspress-sponsors/js/sportspress-sponsors8b25.js]
[worldsports.club/tag/woman-cricket/index.html]
[worldsports.club/tag/women-cricket/index.html]
[worldsports.club/tag/woman-cricket/feed/index.html]
[worldsports.club/wp-content/plugins/sportspress-pro/includes/sportspress-scoreboard/js/sportspress-scoreboard0ebc.js]
[worldsports.club/wp-content/plugins/sportspress-pro/includes/sportspress-sponsors/js/sportspress-sponsors0ebc.js]
[worldsports.club/category/top-stories/index.html]
[worldsports.club/tag/women-cricket/feed/index.html]
[worldsports.club/wp-content/plugins/sportspress-pro/includes/sportspress-scoreboard/js/sportspress-scoreboard8d26.js]
[worldsports.club/wp-content/plugins/sportspress-pro/includes/sportspress-sponsors/js/sportspress-sponsors8d26.js]
[worldsports.club/tag/day-night-test-match/index.html]
[worldsports.club/indexe6fe.html]
[worldsports.club/category/top-stories/feed/index.html]
[worldsports.club/wp-content/plugins/sportspress-pro/includes/sportspress-scoreboard/js/sportspress-scoreboard6e77.js]
[worldsports.club/tag/day-night-test-match/feed/index.html]
[worldsports.club/wp-content/plugins/sportspress-pro/includes/sportspress-sponsors/js/sportspress-sponsors6e77.js]
[worldsports.club/tag/pink-ball-test-match/index.html]
[worldsports.club/tag/world-sports-club/index.html]
[worldsports.club/index1e59.html]
[worldsports.club/wp-content/plugins/sportspress-pro/includes/sportspress-scoreboard/js/sportspress-scoreboardd01a.js]
[worldsports.club/wp-content/plugins/sportspress-pro/includes/sportspress-sponsors/js/sportspress-sponsorsd01a.js]
[worldsports.club/tag/countries/index.html]
[worldsports.club/tag/national-games/index.html]
[worldsports.club/tag/world-sports-club/feed/index.html]
[worldsports.club/tag/pink-ball-test-match/feed/index.html]
[worldsports.club/tag/countries/feed/index.html]
[worldsports.club/tag/national-games/feed/index.html]
[worldsports.club/wp-content/plugins/sportspress-pro/includes/sportspress-scoreboard/js/sportspress-scoreboardd4d3.js]
[worldsports.club/wp-content/plugins/sportspress-pro/includes/sportspress-sponsors/js/sportspress-sponsorsd4d3.js]
[worldsports.club/tag/football/index.html]
[worldsports.club/indexb09c.html]
[worldsports.club/tag/football/feed/index.html]
[worldsports.club/wp-content/plugins/sportspress-pro/includes/sportspress-scoreboard/js/sportspress-scoreboard8e89.js]
[worldsports.club/wp-content/plugins/sportspress-pro/includes/sportspress-sponsors/js/sportspress-sponsors8e89.js]
[worldsports.club/tag/football-craze/index.html]
[worldsports.club/tag/india/index.html]
[worldsports.club/index42fb.html]
[worldsports.club/tag/football-craze/feed/index.html]
[worldsports.club/tag/india/feed/index.html]
[worldsports.club/wp-content/plugins/sportspress-pro/includes/sportspress-scoreboard/js/sportspress-scoreboard1c9b.js]
[worldsports.club/wp-content/plugins/sportspress-pro/includes/sportspress-sponsors/js/sportspress-sponsors1c9b.js]
[worldsports.club/tag/all-sports/index.html]
[worldsports.club/tag/future/index.html]
[worldsports.club/tag/all-sports/feed/index.html]
[worldsports.club/wp-content/plugins/sportspress-pro/includes/sportspress-scoreboard/js/sportspress-scoreboard59da.js]
[worldsports.club/wp-content/plugins/sportspress-pro/includes/sportspress-sponsors/js/sportspress-sponsors59da.js]
[worldsports.club/product-tag/ball/indexccdb.html]
[worldsports.club/tag/future/feed/index.html]
[worldsports.club/wp-content/plugins/sportspress-pro/includes/sportspress-scoreboard/js/sportspress-scoreboard592d.js]
[worldsports.club/wp-content/plugins/sportspress-pro/includes/sportspress-sponsors/js/sportspress-sponsors592d.js]
[worldsports.club/product-tag/cricket-bat/indexccdb.html]
[worldsports.club/wp-content/plugins/sportspress-pro/includes/sportspress-scoreboard/js/sportspress-scoreboard424a.js]
[worldsports.club/wp-content/plugins/sportspress-pro/includes/sportspress-sponsors/js/sportspress-sponsors424a.js]
[worldsports.club/product-tag/cricket-bat/index71d1.html]
[worldsports.club/wp-content/plugins/sportspress-pro/includes/sportspress-scoreboard/js/sportspress-scoreboardac8f.js]
[worldsports.club/wp-content/plugins/sportspress-pro/includes/sportspress-sponsors/js/sportspress-sponsorsac8f.js]
[worldsports.club/product-tag/cricket-full-kit/indexccdb.html]
[worldsports.club/wp-content/plugins/sportspress-pro/includes/sportspress-scoreboard/js/sportspress-scoreboard8ef1.js]
[worldsports.club/wp-content/plugins/sportspress-pro/includes/sportspress-sponsors/js/sportspress-sponsors8ef1.js]
[worldsports.club/product-tag/nike/index5c86.html]
[worldsports.club/wp-content/plugins/sportspress-pro/includes/sportspress-scoreboard/js/sportspress-scoreboardd619.js]
[worldsports.club/wp-content/plugins/sportspress-pro/includes/sportspress-sponsors/js/sportspress-sponsorsd619.js]
[worldsports.club/product-tag/nike-air-max-270/index5c86.html]
[worldsports.club/wp-content/plugins/sportspress-pro/includes/sportspress-scoreboard/js/sportspress-scoreboardd58a.js]
[worldsports.club/wp-content/plugins/sportspress-pro/includes/sportspress-sponsors/js/sportspress-sponsorsd58a.js]
[worldsports.club/product-tag/sg/indexccdb.html]
[worldsports.club/wp-content/plugins/sportspress-pro/includes/sportspress-scoreboard/js/sportspress-scoreboard27bd.js]
[worldsports.club/wp-content/plugins/sportspress-pro/includes/sportspress-sponsors/js/sportspress-sponsors27bd.js]
[worldsports.club/product-tag/sg/index71d1.html]
[worldsports.club/wp-content/plugins/sportspress-pro/includes/sportspress-scoreboard/js/sportspress-scoreboard5bd3.js]
[worldsports.club/wp-content/plugins/sportspress-pro/includes/sportspress-sponsors/js/sportspress-sponsors5bd3.js]
[worldsports.club/product-tag/shoes/index5c86.html]
[worldsports.club/wp-content/plugins/sportspress-pro/includes/sportspress-scoreboard/js/sportspress-scoreboard0741.js]
[worldsports.club/wp-content/plugins/sportspress-pro/includes/sportspress-sponsors/js/sportspress-sponsors0741.js]
[worldsports.club/product-tag/sports/indexccdb.html]
[worldsports.club/wp-content/plugins/sportspress-pro/includes/sportspress-scoreboard/js/sportspress-scoreboard83a2.js]
[worldsports.club/wp-content/plugins/sportspress-pro/includes/sportspress-sponsors/js/sportspress-sponsors83a2.js]
[worldsports.club/product-tag/sports/index71d1.html]
[worldsports.club/wp-content/plugins/sportspress-pro/includes/sportspress-scoreboard/js/sportspress-scoreboard71ef.js]
[worldsports.club/wp-content/plugins/sportspress-pro/includes/sportspress-sponsors/js/sportspress-sponsors71ef.js]
[worldsports.club/product-category/bat/indexccdb.html]
[worldsports.club/product-category/bat/index71d1.html]
[worldsports.club/wp-content/plugins/sportspress-pro/includes/sportspress-scoreboard/js/sportspress-scoreboard9763.js]
[worldsports.club/wp-content/plugins/sportspress-pro/includes/sportspress-sponsors/js/sportspress-sponsors9763.js]
[worldsports.club/product-category/bat/sg/indexccdb.html]
[worldsports.club/product-category/bat/sg/index71d1.html]
[worldsports.club/wp-content/plugins/sportspress-pro/includes/sportspress-scoreboard/js/sportspress-scoreboard0036.js]
[worldsports.club/wp-content/plugins/sportspress-pro/includes/sportspress-sponsors/js/sportspress-sponsors0036.js]
[worldsports.club/product-category/cricket-kit/indexccdb.html]
[worldsports.club/wp-content/plugins/sportspress-pro/includes/sportspress-scoreboard/js/sportspress-scoreboard4dd3.js]
[worldsports.club/wp-content/plugins/sportspress-pro/includes/sportspress-sponsors/js/sportspress-sponsors4dd3.js]
[worldsports.club/product-category/shoes/index5c86.html]
[worldsports.club/wp-content/plugins/sportspress-pro/includes/sportspress-scoreboard/js/sportspress-scoreboard2e48.js]
[worldsports.club/wp-content/plugins/sportspress-pro/includes/sportspress-sponsors/js/sportspress-sponsors2e48.js]
[worldsports.club/product-category/shoes/nike/index5c86.html]
[worldsports.club/index3c2a.html]
[worldsports.club/wp-json/oembed/1.0/embed94ce.json]
[worldsports.club/wp-json/oembed/1.0/embed8462]
[worldsports.club/wp-content/plugins/sportspress-pro/includes/sportspress-scoreboard/js/sportspress-scoreboarda705.js]
[worldsports.club/wp-content/plugins/sportspress-pro/includes/sportspress-sponsors/js/sportspress-sponsorsa705.js]
[worldsports.club/event/bluebirds-vs-eagles/index.html]
[worldsports.club/league/primary-league/index.html]
[worldsports.club/wp-json/oembed/1.0/embed58c3.json]
[worldsports.club/wp-json/oembed/1.0/embed50a6]
[worldsports.club/event/seventh-day-stars-vs-gujarat-eagles-2/index.html]
[worldsports.club/index1da8.html]
[worldsports.club/wp-content/plugins/woocommerce/assets/css/photoswipe/default-skin/default-skin.svg]
[worldsports.club/index37e9.html]
[worldsports.club/event/eagles-vs-kangaroos/index.html]
[worldsports.club/wp-content/uploads/2019/05/seventh-day-stars-570x350.jpg]
[worldsports.club/table/primary-league-2019/index.html]
[worldsports.club/wp-content/uploads/2019/05/wsc-team-399x350.png]
[worldsports.club/event/kangaroos-vs-bluebirds/index.html]
[worldsports.club/wp-content/plugins/sportspress-pro/includes/sportspress-scoreboard/js/sportspress-scoreboard9f7a.js]
[worldsports.club/wp-content/plugins/sportspress-pro/includes/sportspress-sponsors/js/sportspress-sponsors9f7a.js]
[worldsports.club/league/primary-league/index.html]
[worldsports.club/league/primary-league/page/2/index.html]
[worldsports.club/wp-json/oembed/1.0/embed3209.json]
[worldsports.club/wp-json/oembed/1.0/embed9f31]
[worldsports.club/wp-content/plugins/sportspress-pro/includes/sportspress-scoreboard/js/sportspress-scoreboard3e47.js]
[worldsports.club/wp-content/plugins/sportspress-pro/includes/sportspress-sponsors/js/sportspress-sponsors3e47.js]
[worldsports.club/event/eagles-vs-kangaroos/index.html]
[worldsports.club/index9e60.html]
[worldsports.club/wp-json/oembed/1.0/embed87db.json]
[worldsports.club/table/primary-league-2016/index.html]
[worldsports.club/wp-json/oembed/1.0/embed6cb2]
[worldsports.club/wp-content/plugins/sportspress-pro/includes/sportspress-scoreboard/js/sportspress-scoreboarde277.js]
[worldsports.club/wp-content/plugins/sportspress-pro/includes/sportspress-sponsors/js/sportspress-sponsorse277.js]
[worldsports.club/table/primary-league-2019/index.html]
[worldsports.club/league/primary-league/index9152.html]
[worldsports.club/wp-json/oembed/1.0/embed3492.json]
[worldsports.club/wp-json/oembed/1.0/embeda06f]
[worldsports.club/event/kangaroos-vs-bluebirds/index.html]
[worldsports.club/wp-content/uploads/2019/12/ashish-makwana-cricket-coach-world-sports-club-500x350.jpg]
[worldsports.club/wp-content/plugins/sportspress-pro/includes/sportspress-scoreboard/js/sportspress-scoreboard5727.js]
[worldsports.club/staff/ashish/index.html]
[worldsports.club/wp-content/plugins/sportspress-pro/includes/sportspress-sponsors/js/sportspress-sponsors5727.js]
[worldsports.club/league/primary-league/page/2/index.html]
[worldsports.club/index7349.html]
[worldsports.club/wp-json/oembed/1.0/embedd5db.json]
[worldsports.club/wp-json/oembed/1.0/embed6ff9]
[worldsports.club/wp-content/plugins/sportspress-pro/includes/sportspress-scoreboard/js/sportspress-scoreboardc312.js]
[worldsports.club/wp-content/plugins/sportspress-pro/includes/sportspress-sponsors/js/sportspress-sponsorsc312.js]
[worldsports.club/table/primary-league-2016/index.html]
[worldsports.club/index2928.html]
[worldsports.club/wp-content/plugins/sportspress-pro/includes/sportspress-scoreboard/js/sportspress-scoreboardffa5.js]
[worldsports.club/wp-content/plugins/sportspress-pro/includes/sportspress-sponsors/js/sportspress-sponsorsffa5.js]
[worldsports.club/league/primary-league/index9152.html]
[worldsports.club/index5388.html]
[worldsports.club/wp-content/uploads/2019/05/coach-umpire-ashish-world-sports-club5043.jpg]
[worldsports.club/wp-json/oembed/1.0/embed709f.json]
[worldsports.club/wp-json/oembed/1.0/embed5e2d]
[worldsports.club/wp-content/uploads/2019/12/ashish-makwana-cricket-coach-world-sports-club-300x300.jpg]
[worldsports.club/wp-content/plugins/sportspress-pro/includes/sportspress-scoreboard/js/sportspress-scoreboard274c.js]
[worldsports.club/wp-content/plugins/sportspress-pro/includes/sportspress-sponsors/js/sportspress-sponsors274c.js]
[worldsports.club/staff/ashish/index.html]
[worldsports.club/index6ffe.html]
[worldsports.club/index49b1.html]
[worldsports.club/league/primary-league/index7d3d.html]
[worldsports.club/wp-content/plugins/sportspress-pro/includes/sportspress-scoreboard/js/sportspress-scoreboardb912.js]
[worldsports.club/wp-content/plugins/sportspress-pro/includes/sportspress-sponsors/js/sportspress-sponsorsb912.js]
[worldsports.club/league/primary-league/index7d3d.html]
